
Memory Configuration

Name             Origin             Length             Attributes
FLASH            0x08000000         0x00008000         xr
RAM              0x20000000         0x00001000         xrw
*default*        0x00000000         0xffffffff

Linker script and memory map


.text           0x08000000      0x39c
 *(.vectors)
 .vectors       0x08000000       0xc0 ./output/startup_ARMCM0.o
                0x08000000                __Vectors
                0x080000c0                __Vectors_End = .
                0x000000c0                __Vectors_Size = (__Vectors_End - __Vectors)
                0x080000c0                __end__ = .
 *(.text*)
 .text          0x080000c0      0x2d8 ./output/main.o
                0x080000c0                delay
                0x08000100                enable_clock
                0x0800015c                init_pin
                0x080001a0                init_interrupt
                0x0800023c                turn_on
                0x08000260                turn_off
                0x08000288                main
                0x0800030c                EXTI0_1_IRQHandler
                0x08000374                Reserved_IRQHandler
                0x0800037a                NMI_Handler
                0x08000380                HardFault_Handler
                0x08000386                SVC_Handler
                0x0800038c                PendSV_Handler
                0x08000392                SysTick_Handler
 .text          0x08000398        0x4 ./output/startup_ARMCM0.o
                0x08000398                Reset_Handler
 *(.init)
 *(.fini)
 *(.rodata*)
 *(.eh_frame*)

.glue_7         0x0800039c        0x0
 .glue_7        0x0800039c        0x0 linker stubs

.glue_7t        0x0800039c        0x0
 .glue_7t       0x0800039c        0x0 linker stubs

.vfp11_veneer   0x0800039c        0x0
 .vfp11_veneer  0x0800039c        0x0 linker stubs

.v4_bx          0x0800039c        0x0
 .v4_bx         0x0800039c        0x0 linker stubs

.iplt           0x0800039c        0x0
 .iplt          0x0800039c        0x0 ./output/main.o

.rel.dyn        0x0800039c        0x0
 .rel.iplt      0x0800039c        0x0 ./output/main.o

.data           0x20000000        0x8
                0x20000000                __data_start__ = .
 *(vtable)
 *(.data*)
 .data          0x20000000        0x8 ./output/main.o
                0x20000000                state_led
                0x20000004                flag
 .data          0x20000008        0x0 ./output/startup_ARMCM0.o
                0x20000008                __data_end__ = .

.igot.plt       0x20000008        0x0
 .igot.plt      0x20000008        0x0 ./output/main.o

.bss            0x20000008        0x0
                0x20000008                . = ALIGN (0x4)
                0x20000008                __bss_start__ = .
 *(.bss*)
 .bss           0x20000008        0x0 ./output/main.o
 .bss           0x20000008        0x0 ./output/startup_ARMCM0.o
 *(COMMON)
                0x20000008                . = ALIGN (0x4)
                0x20000008                __bss_end__ = .

.heap           0x20000008      0x200
                0x20000008                __HeapBase = .
                0x20000008                __end__ = .
                0x20000008                end = __end__
 *(.heap*)
 .heap          0x20000008      0x200 ./output/startup_ARMCM0.o
                0x20000208                __HeapLimit = .

.stack_dummy    0x20000008      0x100
 *(.stack*)
 .stack         0x20000008      0x100 ./output/startup_ARMCM0.o
                0x20001000                __StackTop = (ORIGIN (RAM) + LENGTH (RAM))
                0x20000f00                __StackLimit = (__StackTop - SIZEOF (.stack_dummy))
                [!provide]                PROVIDE (__stack, __StackTop)
                0x00000001                ASSERT ((__StackLimit >= __HeapLimit), region RAM overflowed with stack)
LOAD ./output/main.o
LOAD ./output/startup_ARMCM0.o
OUTPUT(./output/Fibonacci.elf elf32-littlearm)

.debug_info     0x00000000      0x23c
 .debug_info    0x00000000      0x23c ./output/main.o

.debug_abbrev   0x00000000       0xe4
 .debug_abbrev  0x00000000       0xe4 ./output/main.o

.debug_aranges  0x00000000       0x20
 .debug_aranges
                0x00000000       0x20 ./output/main.o

.debug_line     0x00000000       0xdc
 .debug_line    0x00000000       0xdc ./output/main.o

.debug_str      0x00000000      0x1b8
 .debug_str     0x00000000      0x1b8 ./output/main.o
                                0x1c5 (size before relaxing)

.comment        0x00000000       0x7e
 .comment       0x00000000       0x7e ./output/main.o
                                 0x7f (size before relaxing)

.ARM.attributes
                0x00000000       0x2f
 .ARM.attributes
                0x00000000       0x31 ./output/main.o
 .ARM.attributes
                0x00000031       0x1b ./output/startup_ARMCM0.o

.debug_frame    0x00000000      0x1b8
 .debug_frame   0x00000000      0x1b8 ./output/main.o
